// Vitest Snapshot v1

exports[`Account > should be able to logout 1`] = `
<div>
  <div>
    <div>
      <h1>
        My account
      </h1>
      <p>
        <img
          alt="avatar"
          src="http://someimage"
        />
      </p>
      <p>
        foobar
      </p>
      <p>
        <b>
          Email verified:
        </b>
      </p>
      <p>
        <b>
          Email: 
        </b>
        example@example.com
      </p>
      <p>
        <button
          class=" css-1397b20"
          data-testid="logoutButton"
          type="button"
        >
          Log out
        </button>
      </p>
    </div>
  </div>
</div>
`;

exports[`Account > should render 1`] = `
<div>
  <div>
    <div />
  </div>
</div>
`;
