// Vitest Snapshot v1

exports[`Account > should render 1`] = `
<div>
  <div>
    <div
      class="row flex-center flex justify-items-center w-full mt-16"
    >
      <div
        aria-live="polite"
        class="w-4/5 md:w-2/5 mx-auto"
      >
        <h1
          class="text-3xl mb-8"
        >
          My account
        </h1>
        <div
          class="mb-8"
        >
          <p>
            <span
              class="font-bold text-lg mr-2"
            >
              Email:
            </span>
            foobar
          </p>
        </div>
        <div
          class="mb-8"
        >
          <div
            aria-live="polite"
          >
            <form
              class="form-widget"
            >
              <div
                class="form-control mb-8"
              >
                <label
                  class="input-group"
                  for="name"
                >
                  <span>
                    Name
                  </span>
                  <input
                    class="input input-md input-bordered w-full max-w-xs"
                    id="name"
                    type="text"
                    value="foobar"
                  />
                </label>
              </div>
              <button
                class="btn inline-flex items-center px-4 py-2 font-semibold leading-6 text-sm shadow rounded-md transition ease-in-out duration-150 btn-success"
                data-testid=""
                type="submit"
              >
                Update profile
              </button>
            </form>
          </div>
        </div>
        <hr />
        <button
          class="btn btn-outline mb-8 mt-8"
          data-testid="logoutButton"
          type="button"
        >
          Logout
        </button>
        <div>
          <button
            class="btn inline-flex items-center px-4 py-2 font-semibold leading-6 text-sm shadow rounded-md transition ease-in-out duration-150 btn-error"
            data-testid=""
            type="button"
          >
            Delete account
          </button>
        </div>
      </div>
    </div>
  </div>
</div>
`;
